Traceback (most recent call last):
  File "<frozen runpy>", line 198, in _run_module_as_main
  File "<frozen runpy>", line 88, in _run_code
  File "C:\Users\Administrator\AppData\Local\Programs\Python\Python313\Lib\site-packages\uvicorn\__main__.py", line 4, in <module>
    uvicorn.main()
    ~~~~~~~~~~~~^^
  File "C:\Users\Administrator\AppData\Local\Programs\Python\Python313\Lib\site-packages\click\core.py", line 1524, in __call__
    return self.main(*args, **kwargs)
           ~~~~~~~~~^^^^^^^^^^^^^^^^^
  File "C:\Users\Administrator\AppData\Local\Programs\Python\Python313\Lib\site-packages\click\core.py", line 1445, in main
    rv = self.invoke(ctx)
  File "C:\Users\Administrator\AppData\Local\Programs\Python\Python313\Lib\site-packages\click\core.py", line 1308, in invoke
    return ctx.invoke(self.callback, **ctx.params)
           ~~~~~~~~~~^^^^^^^^^^^^^^^^^^^^^^^^^^^^^
  File "C:\Users\Administrator\AppData\Local\Programs\Python\Python313\Lib\site-packages\click\core.py", line 877, in invoke
    return callback(*args, **kwargs)
  File "C:\Users\Administrator\AppData\Local\Programs\Python\Python313\Lib\site-packages\uvicorn\main.py", line 441, in main
    run(
    ~~~^
        app,
        ^^^^
    ...<48 lines>...
        reset_contextvars=reset_contextvars,
        ^^^^^^^^^^^^^^^^^^^^^^^^^^^^^^^^^^^^
    )
    ^
  File "C:\Users\Administrator\AppData\Local\Programs\Python\Python313\Lib\site-packages\uvicorn\main.py", line 609, in run
    config.load_app()
    ~~~~~~~~~~~~~~~^^
  File "C:\Users\Administrator\AppData\Local\Programs\Python\Python313\Lib\site-packages\uvicorn\config.py", line 415, in load_app
    return import_from_string(self.app)
  File "C:\Users\Administrator\AppData\Local\Programs\Python\Python313\Lib\site-packages\uvicorn\importer.py", line 22, in import_from_string
    raise exc from None
  File "C:\Users\Administrator\AppData\Local\Programs\Python\Python313\Lib\site-packages\uvicorn\importer.py", line 19, in import_from_string
    module = importlib.import_module(module_str)
  File "C:\Users\Administrator\AppData\Local\Programs\Python\Python313\Lib\importlib\__init__.py", line 88, in import_module
    return _bootstrap._gcd_import(name[level:], package, level)
           ~~~~~~~~~~~~~~~~~~~~~~^^^^^^^^^^^^^^^^^^^^^^^^^^^^^^
  File "<frozen importlib._bootstrap>", line 1387, in _gcd_import
  File "<frozen importlib._bootstrap>", line 1360, in _find_and_load
  File "<frozen importlib._bootstrap>", line 1331, in _find_and_load_unlocked
  File "<frozen importlib._bootstrap>", line 935, in _load_unlocked
  File "<frozen importlib._bootstrap_external>", line 1027, in exec_module
  File "<frozen importlib._bootstrap>", line 488, in _call_with_frames_removed
  File "c:\Relisant\BaBookCorner\backend\main.py", line 10, in <module>
    from routers import auth_router, library_router, book_router, request_router, dashboard_router, user_router, public_router, wish_request_router
  File "c:\Relisant\BaBookCorner\backend\routers\__init__.py", line 1, in <module>
    from .auth_router import router as auth_router
  File "c:\Relisant\BaBookCorner\backend\routers\auth_router.py", line 4, in <module>
    from schemas.schemas import UserRegister, UserLogin, Token, UserOut, UserUpdate, ForgotPasswordRequest, ResetPasswordRequest
  File "c:\Relisant\BaBookCorner\backend\schemas\__init__.py", line 1, in <module>
    from .auth_router import router as auth_router
ModuleNotFoundError: No module named 'schemas.auth_router'
Traceback (most recent call last):
  File "<frozen runpy>", line 198, in _run_module_as_main
  File "<frozen runpy>", line 88, in _run_code
  File "C:\Users\Administrator\AppData\Local\Programs\Python\Python313\Lib\site-packages\uvicorn\__main__.py", line 4, in <module>
    uvicorn.main()
    ~~~~~~~~~~~~^^
  File "C:\Users\Administrator\AppData\Local\Programs\Python\Python313\Lib\site-packages\click\core.py", line 1524, in __call__
    return self.main(*args, **kwargs)
           ~~~~~~~~~^^^^^^^^^^^^^^^^^
  File "C:\Users\Administrator\AppData\Local\Programs\Python\Python313\Lib\site-packages\click\core.py", line 1445, in main
    rv = self.invoke(ctx)
  File "C:\Users\Administrator\AppData\Local\Programs\Python\Python313\Lib\site-packages\click\core.py", line 1308, in invoke
    return ctx.invoke(self.callback, **ctx.params)
           ~~~~~~~~~~^^^^^^^^^^^^^^^^^^^^^^^^^^^^^
  File "C:\Users\Administrator\AppData\Local\Programs\Python\Python313\Lib\site-packages\click\core.py", line 877, in invoke
    return callback(*args, **kwargs)
  File "C:\Users\Administrator\AppData\Local\Programs\Python\Python313\Lib\site-packages\uvicorn\main.py", line 441, in main
    run(
    ~~~^
        app,
        ^^^^
    ...<48 lines>...
        reset_contextvars=reset_contextvars,
        ^^^^^^^^^^^^^^^^^^^^^^^^^^^^^^^^^^^^
    )
    ^
  File "C:\Users\Administrator\AppData\Local\Programs\Python\Python313\Lib\site-packages\uvicorn\main.py", line 609, in run
    config.load_app()
    ~~~~~~~~~~~~~~~^^
  File "C:\Users\Administrator\AppData\Local\Programs\Python\Python313\Lib\site-packages\uvicorn\config.py", line 415, in load_app
    return import_from_string(self.app)
  File "C:\Users\Administrator\AppData\Local\Programs\Python\Python313\Lib\site-packages\uvicorn\importer.py", line 22, in import_from_string
    raise exc from None
  File "C:\Users\Administrator\AppData\Local\Programs\Python\Python313\Lib\site-packages\uvicorn\importer.py", line 19, in import_from_string
    module = importlib.import_module(module_str)
  File "C:\Users\Administrator\AppData\Local\Programs\Python\Python313\Lib\importlib\__init__.py", line 88, in import_module
    return _bootstrap._gcd_import(name[level:], package, level)
           ~~~~~~~~~~~~~~~~~~~~~~^^^^^^^^^^^^^^^^^^^^^^^^^^^^^^
  File "<frozen importlib._bootstrap>", line 1387, in _gcd_import
  File "<frozen importlib._bootstrap>", line 1360, in _find_and_load
  File "<frozen importlib._bootstrap>", line 1331, in _find_and_load_unlocked
  File "<frozen importlib._bootstrap>", line 935, in _load_unlocked
  File "<frozen importlib._bootstrap_external>", line 1027, in exec_module
  File "<frozen importlib._bootstrap>", line 488, in _call_with_frames_removed
  File "c:\Relisant\BaBookCorner\backend\main.py", line 10, in <module>
    from routers import auth_router, library_router, book_router, request_router, dashboard_router, user_router, public_router, wish_request_router
  File "c:\Relisant\BaBookCorner\backend\routers\__init__.py", line 1, in <module>
    from .auth_router import router as auth_router
  File "c:\Relisant\BaBookCorner\backend\routers\auth_router.py", line 4, in <module>
    from schemas.schemas import UserRegister, UserLogin, Token, UserOut, UserUpdate, ForgotPasswordRequest, ResetPasswordRequest
  File "c:\Relisant\BaBookCorner\backend\schemas\__init__.py", line 1, in <module>
    from .auth_router import router as auth_router
ModuleNotFoundError: No module named 'schemas.auth_router'
Traceback (most recent call last):
  File "<frozen runpy>", line 198, in _run_module_as_main
  File "<frozen runpy>", line 88, in _run_code
  File "C:\Users\Administrator\AppData\Local\Programs\Python\Python313\Lib\site-packages\uvicorn\__main__.py", line 4, in <module>
    uvicorn.main()
    ~~~~~~~~~~~~^^
  File "C:\Users\Administrator\AppData\Local\Programs\Python\Python313\Lib\site-packages\click\core.py", line 1524, in __call__
    return self.main(*args, **kwargs)
           ~~~~~~~~~^^^^^^^^^^^^^^^^^
  File "C:\Users\Administrator\AppData\Local\Programs\Python\Python313\Lib\site-packages\click\core.py", line 1445, in main
    rv = self.invoke(ctx)
  File "C:\Users\Administrator\AppData\Local\Programs\Python\Python313\Lib\site-packages\click\core.py", line 1308, in invoke
    return ctx.invoke(self.callback, **ctx.params)
           ~~~~~~~~~~^^^^^^^^^^^^^^^^^^^^^^^^^^^^^
  File "C:\Users\Administrator\AppData\Local\Programs\Python\Python313\Lib\site-packages\click\core.py", line 877, in invoke
    return callback(*args, **kwargs)
  File "C:\Users\Administrator\AppData\Local\Programs\Python\Python313\Lib\site-packages\uvicorn\main.py", line 441, in main
    run(
    ~~~^
        app,
        ^^^^
    ...<48 lines>...
        reset_contextvars=reset_contextvars,
        ^^^^^^^^^^^^^^^^^^^^^^^^^^^^^^^^^^^^
    )
    ^
  File "C:\Users\Administrator\AppData\Local\Programs\Python\Python313\Lib\site-packages\uvicorn\main.py", line 609, in run
    config.load_app()
    ~~~~~~~~~~~~~~~^^
  File "C:\Users\Administrator\AppData\Local\Programs\Python\Python313\Lib\site-packages\uvicorn\config.py", line 415, in load_app
    return import_from_string(self.app)
  File "C:\Users\Administrator\AppData\Local\Programs\Python\Python313\Lib\site-packages\uvicorn\importer.py", line 22, in import_from_string
    raise exc from None
  File "C:\Users\Administrator\AppData\Local\Programs\Python\Python313\Lib\site-packages\uvicorn\importer.py", line 19, in import_from_string
    module = importlib.import_module(module_str)
  File "C:\Users\Administrator\AppData\Local\Programs\Python\Python313\Lib\importlib\__init__.py", line 88, in import_module
    return _bootstrap._gcd_import(name[level:], package, level)
           ~~~~~~~~~~~~~~~~~~~~~~^^^^^^^^^^^^^^^^^^^^^^^^^^^^^^
  File "<frozen importlib._bootstrap>", line 1387, in _gcd_import
  File "<frozen importlib._bootstrap>", line 1360, in _find_and_load
  File "<frozen importlib._bootstrap>", line 1331, in _find_and_load_unlocked
  File "<frozen importlib._bootstrap>", line 935, in _load_unlocked
  File "<frozen importlib._bootstrap_external>", line 1027, in exec_module
  File "<frozen importlib._bootstrap>", line 488, in _call_with_frames_removed
  File "c:\Relisant\BaBookCorner\backend\main.py", line 10, in <module>
    from routers import auth_router, library_router, book_router, request_router, dashboard_router, user_router, public_router, wish_request_router
  File "c:\Relisant\BaBookCorner\backend\routers\__init__.py", line 1, in <module>
    from .schemas import (
    ...<8 lines>...
    )
ModuleNotFoundError: No module named 'routers.schemas'
Traceback (most recent call last):
  File "<frozen runpy>", line 198, in _run_module_as_main
  File "<frozen runpy>", line 88, in _run_code
  File "C:\Users\Administrator\AppData\Local\Programs\Python\Python313\Lib\site-packages\uvicorn\__main__.py", line 4, in <module>
    uvicorn.main()
    ~~~~~~~~~~~~^^
  File "C:\Users\Administrator\AppData\Local\Programs\Python\Python313\Lib\site-packages\click\core.py", line 1524, in __call__
    return self.main(*args, **kwargs)
           ~~~~~~~~~^^^^^^^^^^^^^^^^^
  File "C:\Users\Administrator\AppData\Local\Programs\Python\Python313\Lib\site-packages\click\core.py", line 1445, in main
    rv = self.invoke(ctx)
  File "C:\Users\Administrator\AppData\Local\Programs\Python\Python313\Lib\site-packages\click\core.py", line 1308, in invoke
    return ctx.invoke(self.callback, **ctx.params)
           ~~~~~~~~~~^^^^^^^^^^^^^^^^^^^^^^^^^^^^^
  File "C:\Users\Administrator\AppData\Local\Programs\Python\Python313\Lib\site-packages\click\core.py", line 877, in invoke
    return callback(*args, **kwargs)
  File "C:\Users\Administrator\AppData\Local\Programs\Python\Python313\Lib\site-packages\uvicorn\main.py", line 441, in main
    run(
    ~~~^
        app,
        ^^^^
    ...<48 lines>...
        reset_contextvars=reset_contextvars,
        ^^^^^^^^^^^^^^^^^^^^^^^^^^^^^^^^^^^^
    )
    ^
  File "C:\Users\Administrator\AppData\Local\Programs\Python\Python313\Lib\site-packages\uvicorn\main.py", line 609, in run
    config.load_app()
    ~~~~~~~~~~~~~~~^^
  File "C:\Users\Administrator\AppData\Local\Programs\Python\Python313\Lib\site-packages\uvicorn\config.py", line 415, in load_app
    return import_from_string(self.app)
  File "C:\Users\Administrator\AppData\Local\Programs\Python\Python313\Lib\site-packages\uvicorn\importer.py", line 22, in import_from_string
    raise exc from None
  File "C:\Users\Administrator\AppData\Local\Programs\Python\Python313\Lib\site-packages\uvicorn\importer.py", line 19, in import_from_string
    module = importlib.import_module(module_str)
  File "C:\Users\Administrator\AppData\Local\Programs\Python\Python313\Lib\importlib\__init__.py", line 88, in import_module
    return _bootstrap._gcd_import(name[level:], package, level)
           ~~~~~~~~~~~~~~~~~~~~~~^^^^^^^^^^^^^^^^^^^^^^^^^^^^^^
  File "<frozen importlib._bootstrap>", line 1387, in _gcd_import
  File "<frozen importlib._bootstrap>", line 1360, in _find_and_load
  File "<frozen importlib._bootstrap>", line 1331, in _find_and_load_unlocked
  File "<frozen importlib._bootstrap>", line 935, in _load_unlocked
  File "<frozen importlib._bootstrap_external>", line 1027, in exec_module
  File "<frozen importlib._bootstrap>", line 488, in _call_with_frames_removed
  File "c:\Relisant\BaBookCorner\backend\main.py", line 10, in <module>
    from routers import auth_router, library_router, book_router, request_router, dashboard_router, user_router, public_router, wish_request_router
  File "c:\Relisant\BaBookCorner\backend\routers\__init__.py", line 1, in <module>
    from .schemas import (
    ...<8 lines>...
    )
ModuleNotFoundError: No module named 'routers.schemas'
Traceback (most recent call last):
  File "<frozen runpy>", line 198, in _run_module_as_main
  File "<frozen runpy>", line 88, in _run_code
  File "C:\Users\Administrator\AppData\Local\Programs\Python\Python313\Lib\site-packages\uvicorn\__main__.py", line 4, in <module>
    uvicorn.main()
    ~~~~~~~~~~~~^^
  File "C:\Users\Administrator\AppData\Local\Programs\Python\Python313\Lib\site-packages\click\core.py", line 1524, in __call__
    return self.main(*args, **kwargs)
           ~~~~~~~~~^^^^^^^^^^^^^^^^^
  File "C:\Users\Administrator\AppData\Local\Programs\Python\Python313\Lib\site-packages\click\core.py", line 1445, in main
    rv = self.invoke(ctx)
  File "C:\Users\Administrator\AppData\Local\Programs\Python\Python313\Lib\site-packages\click\core.py", line 1308, in invoke
    return ctx.invoke(self.callback, **ctx.params)
           ~~~~~~~~~~^^^^^^^^^^^^^^^^^^^^^^^^^^^^^
  File "C:\Users\Administrator\AppData\Local\Programs\Python\Python313\Lib\site-packages\click\core.py", line 877, in invoke
    return callback(*args, **kwargs)
  File "C:\Users\Administrator\AppData\Local\Programs\Python\Python313\Lib\site-packages\uvicorn\main.py", line 441, in main
    run(
    ~~~^
        app,
        ^^^^
    ...<48 lines>...
        reset_contextvars=reset_contextvars,
        ^^^^^^^^^^^^^^^^^^^^^^^^^^^^^^^^^^^^
    )
    ^
  File "C:\Users\Administrator\AppData\Local\Programs\Python\Python313\Lib\site-packages\uvicorn\main.py", line 609, in run
    config.load_app()
    ~~~~~~~~~~~~~~~^^
  File "C:\Users\Administrator\AppData\Local\Programs\Python\Python313\Lib\site-packages\uvicorn\config.py", line 415, in load_app
    return import_from_string(self.app)
  File "C:\Users\Administrator\AppData\Local\Programs\Python\Python313\Lib\site-packages\uvicorn\importer.py", line 22, in import_from_string
    raise exc from None
  File "C:\Users\Administrator\AppData\Local\Programs\Python\Python313\Lib\site-packages\uvicorn\importer.py", line 19, in import_from_string
    module = importlib.import_module(module_str)
  File "C:\Users\Administrator\AppData\Local\Programs\Python\Python313\Lib\importlib\__init__.py", line 88, in import_module
    return _bootstrap._gcd_import(name[level:], package, level)
           ~~~~~~~~~~~~~~~~~~~~~~^^^^^^^^^^^^^^^^^^^^^^^^^^^^^^
  File "<frozen importlib._bootstrap>", line 1387, in _gcd_import
  File "<frozen importlib._bootstrap>", line 1360, in _find_and_load
  File "<frozen importlib._bootstrap>", line 1331, in _find_and_load_unlocked
  File "<frozen importlib._bootstrap>", line 935, in _load_unlocked
  File "<frozen importlib._bootstrap_external>", line 1027, in exec_module
  File "<frozen importlib._bootstrap>", line 488, in _call_with_frames_removed
  File "c:\Relisant\BaBookCorner\backend\main.py", line 10, in <module>
    from routers import auth_router, library_router, book_router, request_router, dashboard_router, user_router, public_router, wish_request_router
  File "c:\Relisant\BaBookCorner\backend\routers\__init__.py", line 1, in <module>
    from .schemas import (
    ...<8 lines>...
    )
ModuleNotFoundError: No module named 'routers.schemas'
Traceback (most recent call last):
  File "<frozen runpy>", line 198, in _run_module_as_main
  File "<frozen runpy>", line 88, in _run_code
  File "C:\Users\Administrator\AppData\Local\Programs\Python\Python313\Lib\site-packages\uvicorn\__main__.py", line 4, in <module>
    uvicorn.main()
    ~~~~~~~~~~~~^^
  File "C:\Users\Administrator\AppData\Local\Programs\Python\Python313\Lib\site-packages\click\core.py", line 1524, in __call__
    return self.main(*args, **kwargs)
           ~~~~~~~~~^^^^^^^^^^^^^^^^^
  File "C:\Users\Administrator\AppData\Local\Programs\Python\Python313\Lib\site-packages\click\core.py", line 1445, in main
    rv = self.invoke(ctx)
  File "C:\Users\Administrator\AppData\Local\Programs\Python\Python313\Lib\site-packages\click\core.py", line 1308, in invoke
    return ctx.invoke(self.callback, **ctx.params)
           ~~~~~~~~~~^^^^^^^^^^^^^^^^^^^^^^^^^^^^^
  File "C:\Users\Administrator\AppData\Local\Programs\Python\Python313\Lib\site-packages\click\core.py", line 877, in invoke
    return callback(*args, **kwargs)
  File "C:\Users\Administrator\AppData\Local\Programs\Python\Python313\Lib\site-packages\uvicorn\main.py", line 441, in main
    run(
    ~~~^
        app,
        ^^^^
    ...<48 lines>...
        reset_contextvars=reset_contextvars,
        ^^^^^^^^^^^^^^^^^^^^^^^^^^^^^^^^^^^^
    )
    ^
  File "C:\Users\Administrator\AppData\Local\Programs\Python\Python313\Lib\site-packages\uvicorn\main.py", line 609, in run
    config.load_app()
    ~~~~~~~~~~~~~~~^^
  File "C:\Users\Administrator\AppData\Local\Programs\Python\Python313\Lib\site-packages\uvicorn\config.py", line 415, in load_app
    return import_from_string(self.app)
  File "C:\Users\Administrator\AppData\Local\Programs\Python\Python313\Lib\site-packages\uvicorn\importer.py", line 22, in import_from_string
    raise exc from None
  File "C:\Users\Administrator\AppData\Local\Programs\Python\Python313\Lib\site-packages\uvicorn\importer.py", line 19, in import_from_string
    module = importlib.import_module(module_str)
  File "C:\Users\Administrator\AppData\Local\Programs\Python\Python313\Lib\importlib\__init__.py", line 88, in import_module
    return _bootstrap._gcd_import(name[level:], package, level)
           ~~~~~~~~~~~~~~~~~~~~~~^^^^^^^^^^^^^^^^^^^^^^^^^^^^^^
  File "<frozen importlib._bootstrap>", line 1387, in _gcd_import
  File "<frozen importlib._bootstrap>", line 1360, in _find_and_load
  File "<frozen importlib._bootstrap>", line 1331, in _find_and_load_unlocked
  File "<frozen importlib._bootstrap>", line 935, in _load_unlocked
  File "<frozen importlib._bootstrap_external>", line 1027, in exec_module
  File "<frozen importlib._bootstrap>", line 488, in _call_with_frames_removed
  File "c:\Relisant\BaBookCorner\backend\main.py", line 10, in <module>
    from routers import auth_router, library_router, book_router, request_router, dashboard_router, user_router, public_router, wish_request_router
  File "c:\Relisant\BaBookCorner\backend\routers\__init__.py", line 1, in <module>
    from .schemas import (
    ...<8 lines>...
    )
ModuleNotFoundError: No module named 'routers.schemas'
Traceback (most recent call last):
  File "<frozen runpy>", line 198, in _run_module_as_main
  File "<frozen runpy>", line 88, in _run_code
  File "C:\Users\Administrator\AppData\Local\Programs\Python\Python313\Lib\site-packages\uvicorn\__main__.py", line 4, in <module>
    uvicorn.main()
    ~~~~~~~~~~~~^^
  File "C:\Users\Administrator\AppData\Local\Programs\Python\Python313\Lib\site-packages\click\core.py", line 1524, in __call__
    return self.main(*args, **kwargs)
           ~~~~~~~~~^^^^^^^^^^^^^^^^^
  File "C:\Users\Administrator\AppData\Local\Programs\Python\Python313\Lib\site-packages\click\core.py", line 1445, in main
    rv = self.invoke(ctx)
  File "C:\Users\Administrator\AppData\Local\Programs\Python\Python313\Lib\site-packages\click\core.py", line 1308, in invoke
    return ctx.invoke(self.callback, **ctx.params)
           ~~~~~~~~~~^^^^^^^^^^^^^^^^^^^^^^^^^^^^^
  File "C:\Users\Administrator\AppData\Local\Programs\Python\Python313\Lib\site-packages\click\core.py", line 877, in invoke
    return callback(*args, **kwargs)
  File "C:\Users\Administrator\AppData\Local\Programs\Python\Python313\Lib\site-packages\uvicorn\main.py", line 441, in main
    run(
    ~~~^
        app,
        ^^^^
    ...<48 lines>...
        reset_contextvars=reset_contextvars,
        ^^^^^^^^^^^^^^^^^^^^^^^^^^^^^^^^^^^^
    )
    ^
  File "C:\Users\Administrator\AppData\Local\Programs\Python\Python313\Lib\site-packages\uvicorn\main.py", line 609, in run
    config.load_app()
    ~~~~~~~~~~~~~~~^^
  File "C:\Users\Administrator\AppData\Local\Programs\Python\Python313\Lib\site-packages\uvicorn\config.py", line 415, in load_app
    return import_from_string(self.app)
  File "C:\Users\Administrator\AppData\Local\Programs\Python\Python313\Lib\site-packages\uvicorn\importer.py", line 22, in import_from_string
    raise exc from None
  File "C:\Users\Administrator\AppData\Local\Programs\Python\Python313\Lib\site-packages\uvicorn\importer.py", line 19, in import_from_string
    module = importlib.import_module(module_str)
  File "C:\Users\Administrator\AppData\Local\Programs\Python\Python313\Lib\importlib\__init__.py", line 88, in import_module
    return _bootstrap._gcd_import(name[level:], package, level)
           ~~~~~~~~~~~~~~~~~~~~~~^^^^^^^^^^^^^^^^^^^^^^^^^^^^^^
  File "<frozen importlib._bootstrap>", line 1387, in _gcd_import
  File "<frozen importlib._bootstrap>", line 1360, in _find_and_load
  File "<frozen importlib._bootstrap>", line 1331, in _find_and_load_unlocked
  File "<frozen importlib._bootstrap>", line 935, in _load_unlocked
  File "<frozen importlib._bootstrap_external>", line 1027, in exec_module
  File "<frozen importlib._bootstrap>", line 488, in _call_with_frames_removed
  File "c:\Relisant\BaBookCorner\backend\main.py", line 10, in <module>
    from routers import auth_router, library_router, book_router, request_router, dashboard_router, user_router, public_router, wish_request_router
  File "c:\Relisant\BaBookCorner\backend\routers\__init__.py", line 1, in <module>
    from .schemas import (
    ...<8 lines>...
    )
ModuleNotFoundError: No module named 'routers.schemas'
Traceback (most recent call last):
  File "<frozen runpy>", line 198, in _run_module_as_main
  File "<frozen runpy>", line 88, in _run_code
  File "C:\Users\Administrator\AppData\Local\Programs\Python\Python313\Lib\site-packages\uvicorn\__main__.py", line 4, in <module>
    uvicorn.main()
    ~~~~~~~~~~~~^^
  File "C:\Users\Administrator\AppData\Local\Programs\Python\Python313\Lib\site-packages\click\core.py", line 1524, in __call__
    return self.main(*args, **kwargs)
           ~~~~~~~~~^^^^^^^^^^^^^^^^^
  File "C:\Users\Administrator\AppData\Local\Programs\Python\Python313\Lib\site-packages\click\core.py", line 1445, in main
    rv = self.invoke(ctx)
  File "C:\Users\Administrator\AppData\Local\Programs\Python\Python313\Lib\site-packages\click\core.py", line 1308, in invoke
    return ctx.invoke(self.callback, **ctx.params)
           ~~~~~~~~~~^^^^^^^^^^^^^^^^^^^^^^^^^^^^^
  File "C:\Users\Administrator\AppData\Local\Programs\Python\Python313\Lib\site-packages\click\core.py", line 877, in invoke
    return callback(*args, **kwargs)
  File "C:\Users\Administrator\AppData\Local\Programs\Python\Python313\Lib\site-packages\uvicorn\main.py", line 441, in main
    run(
    ~~~^
        app,
        ^^^^
    ...<48 lines>...
        reset_contextvars=reset_contextvars,
        ^^^^^^^^^^^^^^^^^^^^^^^^^^^^^^^^^^^^
    )
    ^
  File "C:\Users\Administrator\AppData\Local\Programs\Python\Python313\Lib\site-packages\uvicorn\main.py", line 609, in run
    config.load_app()
    ~~~~~~~~~~~~~~~^^
  File "C:\Users\Administrator\AppData\Local\Programs\Python\Python313\Lib\site-packages\uvicorn\config.py", line 415, in load_app
    return import_from_string(self.app)
  File "C:\Users\Administrator\AppData\Local\Programs\Python\Python313\Lib\site-packages\uvicorn\importer.py", line 22, in import_from_string
    raise exc from None
  File "C:\Users\Administrator\AppData\Local\Programs\Python\Python313\Lib\site-packages\uvicorn\importer.py", line 19, in import_from_string
    module = importlib.import_module(module_str)
  File "C:\Users\Administrator\AppData\Local\Programs\Python\Python313\Lib\importlib\__init__.py", line 88, in import_module
    return _bootstrap._gcd_import(name[level:], package, level)
           ~~~~~~~~~~~~~~~~~~~~~~^^^^^^^^^^^^^^^^^^^^^^^^^^^^^^
  File "<frozen importlib._bootstrap>", line 1387, in _gcd_import
  File "<frozen importlib._bootstrap>", line 1360, in _find_and_load
  File "<frozen importlib._bootstrap>", line 1331, in _find_and_load_unlocked
  File "<frozen importlib._bootstrap>", line 935, in _load_unlocked
  File "<frozen importlib._bootstrap_external>", line 1027, in exec_module
  File "<frozen importlib._bootstrap>", line 488, in _call_with_frames_removed
  File "c:\Relisant\BaBookCorner\backend\main.py", line 10, in <module>
    from routers import auth_router, library_router, book_router, request_router, dashboard_router, user_router, public_router, wish_request_router
  File "c:\Relisant\BaBookCorner\backend\routers\__init__.py", line 1, in <module>
    from .schemas import (
    ...<8 lines>...
    )
ModuleNotFoundError: No module named 'routers.schemas'
Traceback (most recent call last):
  File "<frozen runpy>", line 198, in _run_module_as_main
  File "<frozen runpy>", line 88, in _run_code
  File "C:\Users\Administrator\AppData\Local\Programs\Python\Python313\Lib\site-packages\uvicorn\__main__.py", line 4, in <module>
    uvicorn.main()
    ~~~~~~~~~~~~^^
  File "C:\Users\Administrator\AppData\Local\Programs\Python\Python313\Lib\site-packages\click\core.py", line 1524, in __call__
    return self.main(*args, **kwargs)
           ~~~~~~~~~^^^^^^^^^^^^^^^^^
  File "C:\Users\Administrator\AppData\Local\Programs\Python\Python313\Lib\site-packages\click\core.py", line 1445, in main
    rv = self.invoke(ctx)
  File "C:\Users\Administrator\AppData\Local\Programs\Python\Python313\Lib\site-packages\click\core.py", line 1308, in invoke
    return ctx.invoke(self.callback, **ctx.params)
           ~~~~~~~~~~^^^^^^^^^^^^^^^^^^^^^^^^^^^^^
  File "C:\Users\Administrator\AppData\Local\Programs\Python\Python313\Lib\site-packages\click\core.py", line 877, in invoke
    return callback(*args, **kwargs)
  File "C:\Users\Administrator\AppData\Local\Programs\Python\Python313\Lib\site-packages\uvicorn\main.py", line 441, in main
    run(
    ~~~^
        app,
        ^^^^
    ...<48 lines>...
        reset_contextvars=reset_contextvars,
        ^^^^^^^^^^^^^^^^^^^^^^^^^^^^^^^^^^^^
    )
    ^
  File "C:\Users\Administrator\AppData\Local\Programs\Python\Python313\Lib\site-packages\uvicorn\main.py", line 609, in run
    config.load_app()
    ~~~~~~~~~~~~~~~^^
  File "C:\Users\Administrator\AppData\Local\Programs\Python\Python313\Lib\site-packages\uvicorn\config.py", line 415, in load_app
    return import_from_string(self.app)
  File "C:\Users\Administrator\AppData\Local\Programs\Python\Python313\Lib\site-packages\uvicorn\importer.py", line 22, in import_from_string
    raise exc from None
  File "C:\Users\Administrator\AppData\Local\Programs\Python\Python313\Lib\site-packages\uvicorn\importer.py", line 19, in import_from_string
    module = importlib.import_module(module_str)
  File "C:\Users\Administrator\AppData\Local\Programs\Python\Python313\Lib\importlib\__init__.py", line 88, in import_module
    return _bootstrap._gcd_import(name[level:], package, level)
           ~~~~~~~~~~~~~~~~~~~~~~^^^^^^^^^^^^^^^^^^^^^^^^^^^^^^
  File "<frozen importlib._bootstrap>", line 1387, in _gcd_import
  File "<frozen importlib._bootstrap>", line 1360, in _find_and_load
  File "<frozen importlib._bootstrap>", line 1331, in _find_and_load_unlocked
  File "<frozen importlib._bootstrap>", line 935, in _load_unlocked
  File "<frozen importlib._bootstrap_external>", line 1027, in exec_module
  File "<frozen importlib._bootstrap>", line 488, in _call_with_frames_removed
  File "c:\Relisant\BaBookCorner\backend\main.py", line 10, in <module>
    from routers import auth_router, library_router, book_router, request_router, dashboard_router, user_router, public_router, wish_request_router
  File "c:\Relisant\BaBookCorner\backend\routers\__init__.py", line 1, in <module>
    from .schemas import (
    ...<8 lines>...
    )
ModuleNotFoundError: No module named 'routers.schemas'
Traceback (most recent call last):
  File "<frozen runpy>", line 198, in _run_module_as_main
  File "<frozen runpy>", line 88, in _run_code
  File "C:\Users\Administrator\AppData\Local\Programs\Python\Python313\Lib\site-packages\uvicorn\__main__.py", line 4, in <module>
    uvicorn.main()
    ~~~~~~~~~~~~^^
  File "C:\Users\Administrator\AppData\Local\Programs\Python\Python313\Lib\site-packages\click\core.py", line 1524, in __call__
    return self.main(*args, **kwargs)
           ~~~~~~~~~^^^^^^^^^^^^^^^^^
  File "C:\Users\Administrator\AppData\Local\Programs\Python\Python313\Lib\site-packages\click\core.py", line 1445, in main
    rv = self.invoke(ctx)
  File "C:\Users\Administrator\AppData\Local\Programs\Python\Python313\Lib\site-packages\click\core.py", line 1308, in invoke
    return ctx.invoke(self.callback, **ctx.params)
           ~~~~~~~~~~^^^^^^^^^^^^^^^^^^^^^^^^^^^^^
  File "C:\Users\Administrator\AppData\Local\Programs\Python\Python313\Lib\site-packages\click\core.py", line 877, in invoke
    return callback(*args, **kwargs)
  File "C:\Users\Administrator\AppData\Local\Programs\Python\Python313\Lib\site-packages\uvicorn\main.py", line 441, in main
    run(
    ~~~^
        app,
        ^^^^
    ...<48 lines>...
        reset_contextvars=reset_contextvars,
        ^^^^^^^^^^^^^^^^^^^^^^^^^^^^^^^^^^^^
    )
    ^
  File "C:\Users\Administrator\AppData\Local\Programs\Python\Python313\Lib\site-packages\uvicorn\main.py", line 609, in run
    config.load_app()
    ~~~~~~~~~~~~~~~^^
  File "C:\Users\Administrator\AppData\Local\Programs\Python\Python313\Lib\site-packages\uvicorn\config.py", line 415, in load_app
    return import_from_string(self.app)
  File "C:\Users\Administrator\AppData\Local\Programs\Python\Python313\Lib\site-packages\uvicorn\importer.py", line 22, in import_from_string
    raise exc from None
  File "C:\Users\Administrator\AppData\Local\Programs\Python\Python313\Lib\site-packages\uvicorn\importer.py", line 19, in import_from_string
    module = importlib.import_module(module_str)
  File "C:\Users\Administrator\AppData\Local\Programs\Python\Python313\Lib\importlib\__init__.py", line 88, in import_module
    return _bootstrap._gcd_import(name[level:], package, level)
           ~~~~~~~~~~~~~~~~~~~~~~^^^^^^^^^^^^^^^^^^^^^^^^^^^^^^
  File "<frozen importlib._bootstrap>", line 1387, in _gcd_import
  File "<frozen importlib._bootstrap>", line 1360, in _find_and_load
  File "<frozen importlib._bootstrap>", line 1331, in _find_and_load_unlocked
  File "<frozen importlib._bootstrap>", line 935, in _load_unlocked
  File "<frozen importlib._bootstrap_external>", line 1027, in exec_module
  File "<frozen importlib._bootstrap>", line 488, in _call_with_frames_removed
  File "c:\Relisant\BaBookCorner\backend\main.py", line 10, in <module>
    from routers import auth_router, library_router, book_router, request_router, dashboard_router, user_router, public_router, wish_request_router
  File "c:\Relisant\BaBookCorner\backend\routers\__init__.py", line 1, in <module>
    from .schemas import (
    ...<8 lines>...
    )
ModuleNotFoundError: No module named 'routers.schemas'
Traceback (most recent call last):
  File "<frozen runpy>", line 198, in _run_module_as_main
  File "<frozen runpy>", line 88, in _run_code
  File "C:\Users\Administrator\AppData\Local\Programs\Python\Python313\Lib\site-packages\uvicorn\__main__.py", line 4, in <module>
    uvicorn.main()
    ~~~~~~~~~~~~^^
  File "C:\Users\Administrator\AppData\Local\Programs\Python\Python313\Lib\site-packages\click\core.py", line 1524, in __call__
    return self.main(*args, **kwargs)
           ~~~~~~~~~^^^^^^^^^^^^^^^^^
  File "C:\Users\Administrator\AppData\Local\Programs\Python\Python313\Lib\site-packages\click\core.py", line 1445, in main
    rv = self.invoke(ctx)
  File "C:\Users\Administrator\AppData\Local\Programs\Python\Python313\Lib\site-packages\click\core.py", line 1308, in invoke
    return ctx.invoke(self.callback, **ctx.params)
           ~~~~~~~~~~^^^^^^^^^^^^^^^^^^^^^^^^^^^^^
  File "C:\Users\Administrator\AppData\Local\Programs\Python\Python313\Lib\site-packages\click\core.py", line 877, in invoke
    return callback(*args, **kwargs)
  File "C:\Users\Administrator\AppData\Local\Programs\Python\Python313\Lib\site-packages\uvicorn\main.py", line 441, in main
    run(
    ~~~^
        app,
        ^^^^
    ...<48 lines>...
        reset_contextvars=reset_contextvars,
        ^^^^^^^^^^^^^^^^^^^^^^^^^^^^^^^^^^^^
    )
    ^
  File "C:\Users\Administrator\AppData\Local\Programs\Python\Python313\Lib\site-packages\uvicorn\main.py", line 609, in run
    config.load_app()
    ~~~~~~~~~~~~~~~^^
  File "C:\Users\Administrator\AppData\Local\Programs\Python\Python313\Lib\site-packages\uvicorn\config.py", line 415, in load_app
    return import_from_string(self.app)
  File "C:\Users\Administrator\AppData\Local\Programs\Python\Python313\Lib\site-packages\uvicorn\importer.py", line 22, in import_from_string
    raise exc from None
  File "C:\Users\Administrator\AppData\Local\Programs\Python\Python313\Lib\site-packages\uvicorn\importer.py", line 19, in import_from_string
    module = importlib.import_module(module_str)
  File "C:\Users\Administrator\AppData\Local\Programs\Python\Python313\Lib\importlib\__init__.py", line 88, in import_module
    return _bootstrap._gcd_import(name[level:], package, level)
           ~~~~~~~~~~~~~~~~~~~~~~^^^^^^^^^^^^^^^^^^^^^^^^^^^^^^
  File "<frozen importlib._bootstrap>", line 1387, in _gcd_import
  File "<frozen importlib._bootstrap>", line 1360, in _find_and_load
  File "<frozen importlib._bootstrap>", line 1331, in _find_and_load_unlocked
  File "<frozen importlib._bootstrap>", line 935, in _load_unlocked
  File "<frozen importlib._bootstrap_external>", line 1027, in exec_module
  File "<frozen importlib._bootstrap>", line 488, in _call_with_frames_removed
  File "c:\Relisant\BaBookCorner\backend\main.py", line 10, in <module>
    from routers import auth_router, library_router, book_router, request_router, dashboard_router, user_router, public_router, wish_request_router
  File "c:\Relisant\BaBookCorner\backend\routers\__init__.py", line 1, in <module>
    from .schemas import (
    ...<8 lines>...
    )
ModuleNotFoundError: No module named 'routers.schemas'
Traceback (most recent call last):
  File "<frozen runpy>", line 198, in _run_module_as_main
  File "<frozen runpy>", line 88, in _run_code
  File "C:\Users\Administrator\AppData\Local\Programs\Python\Python313\Lib\site-packages\uvicorn\__main__.py", line 4, in <module>
    uvicorn.main()
    ~~~~~~~~~~~~^^
  File "C:\Users\Administrator\AppData\Local\Programs\Python\Python313\Lib\site-packages\click\core.py", line 1524, in __call__
    return self.main(*args, **kwargs)
           ~~~~~~~~~^^^^^^^^^^^^^^^^^
  File "C:\Users\Administrator\AppData\Local\Programs\Python\Python313\Lib\site-packages\click\core.py", line 1445, in main
    rv = self.invoke(ctx)
  File "C:\Users\Administrator\AppData\Local\Programs\Python\Python313\Lib\site-packages\click\core.py", line 1308, in invoke
    return ctx.invoke(self.callback, **ctx.params)
           ~~~~~~~~~~^^^^^^^^^^^^^^^^^^^^^^^^^^^^^
  File "C:\Users\Administrator\AppData\Local\Programs\Python\Python313\Lib\site-packages\click\core.py", line 877, in invoke
    return callback(*args, **kwargs)
  File "C:\Users\Administrator\AppData\Local\Programs\Python\Python313\Lib\site-packages\uvicorn\main.py", line 441, in main
    run(
    ~~~^
        app,
        ^^^^
    ...<48 lines>...
        reset_contextvars=reset_contextvars,
        ^^^^^^^^^^^^^^^^^^^^^^^^^^^^^^^^^^^^
    )
    ^
  File "C:\Users\Administrator\AppData\Local\Programs\Python\Python313\Lib\site-packages\uvicorn\main.py", line 609, in run
    config.load_app()
    ~~~~~~~~~~~~~~~^^
  File "C:\Users\Administrator\AppData\Local\Programs\Python\Python313\Lib\site-packages\uvicorn\config.py", line 415, in load_app
    return import_from_string(self.app)
  File "C:\Users\Administrator\AppData\Local\Programs\Python\Python313\Lib\site-packages\uvicorn\importer.py", line 22, in import_from_string
    raise exc from None
  File "C:\Users\Administrator\AppData\Local\Programs\Python\Python313\Lib\site-packages\uvicorn\importer.py", line 19, in import_from_string
    module = importlib.import_module(module_str)
  File "C:\Users\Administrator\AppData\Local\Programs\Python\Python313\Lib\importlib\__init__.py", line 88, in import_module
    return _bootstrap._gcd_import(name[level:], package, level)
           ~~~~~~~~~~~~~~~~~~~~~~^^^^^^^^^^^^^^^^^^^^^^^^^^^^^^
  File "<frozen importlib._bootstrap>", line 1387, in _gcd_import
  File "<frozen importlib._bootstrap>", line 1360, in _find_and_load
  File "<frozen importlib._bootstrap>", line 1331, in _find_and_load_unlocked
  File "<frozen importlib._bootstrap>", line 935, in _load_unlocked
  File "<frozen importlib._bootstrap_external>", line 1027, in exec_module
  File "<frozen importlib._bootstrap>", line 488, in _call_with_frames_removed
  File "c:\Relisant\BaBookCorner\backend\main.py", line 10, in <module>
    from routers import auth_router, library_router, book_router, request_router, dashboard_router, user_router, public_router, wish_request_router
  File "c:\Relisant\BaBookCorner\backend\routers\__init__.py", line 1, in <module>
    from .schemas import (
    ...<8 lines>...
    )
ModuleNotFoundError: No module named 'routers.schemas'
INFO:     Started server process [48792]
INFO:     Waiting for application startup.
2026-07-18 23:34:38,203 [INFO] main: Starting Ba Boook Corner API...
2026-07-18 23:34:38,237 [INFO] main: Database tables ensured. Upload dir ready.
INFO:     Application startup complete.
INFO:     Uvicorn running on http://0.0.0.0:1000 (Press CTRL+C to quit)
2026-07-18 23:39:16,902 [INFO] services.wish_request_service: WishRequest created: #1 (WishRequestType.WANT_TO_READ) by user 4
2026-07-18 23:41:14,591 [INFO] services.wish_request_service: WishRequest created: #2 (WishRequestType.WANT_TO_CONTRIBUTE) by user 4
2026-07-18 23:56:18,804 [INFO] services.request_service: Book request created: book 64 by reader 39
2026-07-18 23:56:22,508 [INFO] services.email_service: Status email sent to dipalivasant@gmail.com for request 42 \u2192 REQUESTED
2026-07-19 00:03:08,876 [INFO] services.wish_request_service: WishRequest created: #3 (WishRequestType.WANT_TO_CONTRIBUTE) by user 4
2026-07-19 00:04:22,096 [INFO] services.book_service: Book created: sukh dukh he to bhai (\u0ab8\u0ac1\u0a96 \u0aa6\u0ac1\u0a83\u0a96 \u0ab9\u0ac7 \u0aa6\u0acb  \u0aad\u0abe\u0a88 ) in library 6
2026-07-19 00:04:22,103 [INFO] services.wish_request_service: WishRequest #3 accepted by admin 16; 1 book(s) created in library 6
2026-07-19 00:17:19,653 [INFO] services.book_service: Book created: Sadharan khatu (\u0ab8\u0abe\u0aa7\u0abe\u0ab0\u0aa3 \u0a96\u0abe\u0aa4\u0ac1\u0a82 ) in library 6
WARNING:  Invalid HTTP request received.
WARNING:  Invalid HTTP request received.
WARNING:  Invalid HTTP request received.
c:\Relisant\BaBookCorner\backend\services\book_service.py:122: SAWarning: Coercing Subquery object into a select() for use in IN(); please pass a select() construct explicitly
  query = query.filter(Book.library_id.in_(owner_library_ids))
2026-07-19 05:14:25,630 [INFO] services.book_service: Book created: Sukh nu sarnamu (\u0ab8\u0ac1\u0a96 \u0aa8\u0ac1\u0a82 \u0ab8\u0ab0\u0aa8\u0abe\u0aae\u0ac1) in library 6
2026-07-19 05:24:30,700 [INFO] services.book_service: Book created: Mind your Mind ( in library 6
2026-07-19 05:28:36,399 [INFO] services.book_service: Book created: Shabdo nu Saundarya (\u0ab6\u0aac\u0acd\u0aa6\u0acb \u0aa8\u0ac1\u0a82 \u0ab8\u0acc\u0a82\u0aa6\u0ab0\u0acd\u0aaf) in library 6
2026-07-19 05:30:57,572 [INFO] services.book_service: Book created: Sonane lage kyathi kat (\u0ab8\u0acb\u0aa8\u0abe\u0aa8\u0ac7 \u0ab2\u0abe\u0a97\u0ac7 \u0a95\u0acd\u0aaf\u0abe\u0a82\u0aa5\u0ac0\u0a95\u0abe\u0a9f ) in library 6
2026-07-19 05:36:05,396 [INFO] services.request_service: Request 36 advanced: BookStatus.RETURN_REQUESTED \u2192 BookStatus.AVAILABLE by user 16
2026-07-19 05:36:09,338 [INFO] services.email_service: Status email sent to saurabh.bagadia@gmail.com for request 36 \u2192 AVAILABLE
WARNING:  Invalid HTTP request received.
WARNING:  Invalid HTTP request received.
WARNING:  Invalid HTTP request received.
WARNING:  Invalid HTTP request received.
WARNING:  Invalid HTTP request received.
WARNING:  Invalid HTTP request received.
WARNING:  Invalid HTTP request received.
WARNING:  Invalid HTTP request received.
WARNING:  Invalid HTTP request received.
WARNING:  Invalid HTTP request received.
WARNING:  Invalid HTTP request received.
WARNING:  Invalid HTTP request received.
2026-07-19 17:43:02,461 [INFO] services.auth_service: New user registered: bharat.gehlot@boookcorner.in as UserRole.READER (approved=False)
2026-07-19 19:24:03,830 [INFO] services.auth_service: New user registered: er.rahulranjan007@gmail.vom as UserRole.READER (approved=False)
2026-07-19 19:54:51,908 [ERROR] asyncio: Exception in callback _ProactorBasePipeTransport._call_connection_lost()
handle: <Handle _ProactorBasePipeTransport._call_connection_lost()>
Traceback (most recent call last):
  File "C:\Users\Administrator\AppData\Local\Programs\Python\Python313\Lib\asyncio\events.py", line 89, in _run
    self._context.run(self._callback, *self._args)
    ~~~~~~~~~~~~~~~~~^^^^^^^^^^^^^^^^^^^^^^^^^^^^^
  File "C:\Users\Administrator\AppData\Local\Programs\Python\Python313\Lib\asyncio\proactor_events.py", line 165, in _call_connection_lost
    self._sock.shutdown(socket.SHUT_RDWR)
    ~~~~~~~~~~~~~~~~~~~^^^^^^^^^^^^^^^^^^
ConnectionResetError: [WinError 10054] An existing connection was forcibly closed by the remote host
2026-07-19 19:55:02,863 [ERROR] asyncio: Exception in callback _ProactorBasePipeTransport._call_connection_lost()
handle: <Handle _ProactorBasePipeTransport._call_connection_lost()>
Traceback (most recent call last):
  File "C:\Users\Administrator\AppData\Local\Programs\Python\Python313\Lib\asyncio\events.py", line 89, in _run
    self._context.run(self._callback, *self._args)
    ~~~~~~~~~~~~~~~~~^^^^^^^^^^^^^^^^^^^^^^^^^^^^^
  File "C:\Users\Administrator\AppData\Local\Programs\Python\Python313\Lib\asyncio\proactor_events.py", line 165, in _call_connection_lost
    self._sock.shutdown(socket.SHUT_RDWR)
    ~~~~~~~~~~~~~~~~~~~^^^^^^^^^^^^^^^^^^
ConnectionResetError: [WinError 10054] An existing connection was forcibly closed by the remote host
WARNING:  Invalid HTTP request received.
WARNING:  Invalid HTTP request received.
2026-07-19 19:57:05,063 [INFO] services.email_service: Password reset email sent to ashish.pathak11@gmail.com
2026-07-19 19:57:05,064 [INFO] services.auth_service: Password reset requested for ashish.pathak11@gmail.com — token generated
2026-07-19 19:57:41,638 [INFO] services.auth_service: Password reset successfully for ashish.pathak11@gmail.com
WARNING:  Invalid HTTP request received.
2026-07-20 04:29:36,114 [INFO] services.request_service: Book request created: book 55 by reader 41
2026-07-20 04:29:39,986 [INFO] services.email_service: Status email sent to rushabh.shah2480@gmail.com for request 44 \u2192 REQUESTED
2026-07-20 04:32:24,157 [INFO] services.request_service: Book request created: book 94 by reader 41
2026-07-20 04:32:27,606 [INFO] services.email_service: Status email sent to rushabh.shah2480@gmail.com for request 45 \u2192 REQUESTED
2026-07-20 04:34:01,223 [INFO] services.request_service: Book request created: book 101 by reader 41
2026-07-20 04:34:05,475 [INFO] services.email_service: Status email sent to rushabh.shah2480@gmail.com for request 46 \u2192 REQUESTED
2026-07-20 09:29:35,267 [INFO] services.library_service: Library created: Pustak Mitra by user 22
2026-07-20 09:34:52,109 [INFO] services.book_service: Book created: Karma no kaydo (\u0a95\u0ab0\u0acd\u0aae \u0aa8\u0acb \u0a95\u0abe\u0aaf\u0aa6\u0acb) in library 10
2026-07-20 10:00:37,291 [INFO] services.request_service: Request 46 advanced: BookStatus.REQUESTED \u2192 BookStatus.REQUEST_ACCEPTED by user 5
2026-07-20 10:00:41,139 [INFO] services.email_service: Status email sent to rushabh.shah2480@gmail.com for request 46 \u2192 REQUEST_ACCEPTED
2026-07-20 10:00:44,778 [INFO] services.request_service: Request 45 advanced: BookStatus.REQUESTED \u2192 BookStatus.REQUEST_ACCEPTED by user 5
2026-07-20 10:00:48,595 [INFO] services.email_service: Status email sent to rushabh.shah2480@gmail.com for request 45 \u2192 REQUEST_ACCEPTED
2026-07-20 10:00:52,665 [INFO] services.request_service: Request 44 advanced: BookStatus.REQUESTED \u2192 BookStatus.REQUEST_ACCEPTED by user 5
2026-07-20 10:00:56,249 [INFO] services.email_service: Status email sent to rushabh.shah2480@gmail.com for request 44 \u2192 REQUEST_ACCEPTED
2026-07-20 10:01:01,401 [INFO] services.request_service: Request 46 advanced: BookStatus.REQUEST_ACCEPTED \u2192 BookStatus.VOLUNTEER_PICKED by user 5
2026-07-20 10:01:05,092 [INFO] services.email_service: Status email sent to rushabh.shah2480@gmail.com for request 46 \u2192 VOLUNTEER_PICKED
2026-07-20 10:01:10,040 [INFO] services.request_service: Request 45 advanced: BookStatus.REQUEST_ACCEPTED \u2192 BookStatus.VOLUNTEER_PICKED by user 5
2026-07-20 10:01:13,836 [INFO] services.email_service: Status email sent to rushabh.shah2480@gmail.com for request 45 \u2192 VOLUNTEER_PICKED
2026-07-20 10:01:17,336 [INFO] services.request_service: Request 44 advanced: BookStatus.REQUEST_ACCEPTED \u2192 BookStatus.VOLUNTEER_PICKED by user 5
2026-07-20 10:01:20,815 [INFO] services.email_service: Status email sent to rushabh.shah2480@gmail.com for request 44 \u2192 VOLUNTEER_PICKED
WARNING:  Invalid HTTP request received.
WARNING:  Invalid HTTP request received.
WARNING:  Invalid HTTP request received.
WARNING:  Invalid HTTP request received.
WARNING:  Invalid HTTP request received.
WARNING:  Invalid HTTP request received.
WARNING:  Invalid HTTP request received.
WARNING:  Invalid HTTP request received.
WARNING:  Invalid HTTP request received.
WARNING:  Invalid HTTP request received.
WARNING:  Invalid HTTP request received.
WARNING:  Invalid HTTP request received.
WARNING:  Invalid HTTP request received.
WARNING:  Invalid HTTP request received.
WARNING:  Invalid HTTP request received.
WARNING:  Invalid HTTP request received.
WARNING:  Invalid HTTP request received.
WARNING:  Invalid HTTP request received.
WARNING:  Invalid HTTP request received.
WARNING:  Invalid HTTP request received.
WARNING:  Invalid HTTP request received.
WARNING:  Invalid HTTP request received.
WARNING:  Invalid HTTP request received.
WARNING:  Invalid HTTP request received.
WARNING:  Invalid HTTP request received.
WARNING:  Invalid HTTP request received.
WARNING:  Invalid HTTP request received.
WARNING:  Invalid HTTP request received.
WARNING:  Invalid HTTP request received.
WARNING:  Invalid HTTP request received.
WARNING:  Invalid HTTP request received.
WARNING:  Invalid HTTP request received.
WARNING:  Invalid HTTP request received.
WARNING:  Invalid HTTP request received.
WARNING:  Invalid HTTP request received.
WARNING:  Invalid HTTP request received.
WARNING:  Invalid HTTP request received.
WARNING:  Invalid HTTP request received.
WARNING:  Invalid HTTP request received.
WARNING:  Invalid HTTP request received.
WARNING:  Invalid HTTP request received.
WARNING:  Invalid HTTP request received.
WARNING:  Invalid HTTP request received.
WARNING:  Invalid HTTP request received.
2026-07-20 20:07:19,639 [ERROR] asyncio: Exception in callback _ProactorBasePipeTransport._call_connection_lost()
handle: <Handle _ProactorBasePipeTransport._call_connection_lost()>
Traceback (most recent call last):
  File "C:\Users\Administrator\AppData\Local\Programs\Python\Python313\Lib\asyncio\events.py", line 89, in _run
    self._context.run(self._callback, *self._args)
    ~~~~~~~~~~~~~~~~~^^^^^^^^^^^^^^^^^^^^^^^^^^^^^
  File "C:\Users\Administrator\AppData\Local\Programs\Python\Python313\Lib\asyncio\proactor_events.py", line 165, in _call_connection_lost
    self._sock.shutdown(socket.SHUT_RDWR)
    ~~~~~~~~~~~~~~~~~~~^^^^^^^^^^^^^^^^^^
ConnectionResetError: [WinError 10054] An existing connection was forcibly closed by the remote host
WARNING:  Invalid HTTP request received.
WARNING:  Invalid HTTP request received.
